
> kesnaxal@0.1.0 build
> next build

node.exe :  ΓÜá turbopack.root should be absolute, using: 
C:\Users\Admin\Desktop\kesnaxal
At line:1 char:1
+ & "C:\Program Files\nodejs/node.exe" "C:\Program Files\nodejs/node_mo ...
+ ~~~~~~~~~~~~~~~~~~~~~~~~~~~~~~~~~~~~~~~~~~~~~~~~~~~~~~~~~~~~~~~~~~~~~
    + CategoryInfo          : NotSpecified: ( ΓÜá turbopack....esktop\kesnaxal 
   :String) [], RemoteException
    + FullyQualifiedErrorId : NativeCommandError
 
   Γû▓ Next.js 15.5.16
   - Environments: .env.local

   Creating an optimized production build ...
 Γ£ô Compiled successfully in 5.7s
   Linting and checking validity of types ...

./src/app/admin/content/academics/page.tsx
51:42  Warning: React Hook useEffect has a missing dependency: 'loadAllContent'. Either include it or remove the dependency array.  react-hooks/exhaustive-deps

./src/app/admin/content/careers/page.tsx
52:6  Warning: React Hook useEffect has a missing dependency: 'loadAllContent'. Either include it or remove the dependency array.  react-hooks/exhaustive-deps

./src/app/admin/content/global/page.tsx
92:42  Warning: React Hook useEffect has a missing dependency: 'loadAllContent'. Either include it or remove the dependency array.  react-hooks/exhaustive-deps

./src/app/admin/content/homepage/page.tsx
78:42  Warning: React Hook useEffect has a missing dependency: 'loadAllContent'. Either include it or remove the dependency array.  react-hooks/exhaustive-deps

./src/app/admin/content/news-alerts/page.tsx
26:42  Warning: React Hook useEffect has a missing dependency: 'loadAllContent'. Either include it or remove the dependency array.  react-hooks/exhaustive-deps

./src/app/admin/content/staff/page.tsx
15:42  Warning: React Hook useEffect has a missing dependency: 'loadAllContent'. Either include it or remove the dependency array.  react-hooks/exhaustive-deps

./src/app/admin/login/page.tsx
35:6  Warning: React Hook useEffect has a missing dependency: 'checking'. Either include it or remove the dependency array.  react-hooks/exhaustive-deps

./src/app/admin/news/page.tsx
196:42  Warning: React Hook useEffect has a missing dependency: 'loadAllContent'. Either include it or remove the dependency array.  react-hooks/exhaustive-deps

./src/app/admin/publish/page.tsx
16:6  Warning: React Hook useEffect has a missing dependency: 'loadAllContent'. Either include it or remove the dependency array.  react-hooks/exhaustive-deps

./src/context/AdminContext.tsx
109:6  Warning: React Hook useEffect has a missing dependency: 'loadAllContent'. Either include it or remove the dependency array.  react-hooks/exhaustive-deps
127:6  Warning: React Hook useEffect has a missing dependency: 'loadAllContent'. Either include it or remove the dependency array.  react-hooks/exhaustive-deps
288:5  Warning: React Hook useCallback has a missing dependency: 'loadAllContent'. Either include it or remove the dependency array.  react-hooks/exhaustive-deps
298:6  Warning: React Hook useCallback has a missing dependency: 'loadAllContent'. Either include it or remove the dependency array.  react-hooks/exhaustive-deps
307:6  Warning: React Hook useCallback has a missing dependency: 'loadAllContent'. Either include it or remove the dependency array.  react-hooks/exhaustive-deps
316:6  Warning: React Hook useCallback has a missing dependency: 'loadAllContent'. Either include it or remove the dependency array.  react-hooks/exhaustive-deps
369:6  Warning: React Hook useCallback has a missing dependency: 'loadAllContent'. Either include it or remove the dependency array.  react-hooks/exhaustive-deps
401:5  Warning: React Hook useCallback has a missing dependency: 'loadAllContent'. Either include it or remove the dependency array.  react-hooks/exhaustive-deps

./src/hooks/useDynamicContent.ts
65:6  Warning: React Hook useMemo has a missing dependency: 'resolveSimple'. Either include it or remove the dependency array.  react-hooks/exhaustive-deps
78:6  Warning: React Hook useMemo has a missing dependency: 'resolveSimple'. Either include it or remove the dependency array.  react-hooks/exhaustive-deps
100:6  Warning: React Hook useMemo has missing dependencies: 'resolveSimple' and 'resolveText'. Either include them or remove the dependency array.  react-hooks/exhaustive-deps
117:6  Warning: React Hook useMemo has missing dependencies: 'resolveSimple' and 'resolveText'. Either include them or remove the dependency array.  react-hooks/exhaustive-deps
147:6  Warning: React Hook useMemo has missing dependencies: 'resolveSimple' and 'resolveText'. Either include them or remove the dependency array.  react-hooks/exhaustive-deps
162:6  Warning: React Hook useMemo has missing dependencies: 'resolveSimple' and 'resolveText'. Either include them or remove the dependency array.  react-hooks/exhaustive-deps
172:6  Warning: React Hook useMemo has a missing dependency: 'resolveSimple'. Either include it or remove the dependency array.  react-hooks/exhaustive-deps
187:6  Warning: React Hook useMemo has a missing dependency: 'resolveSimple'. Either include it or remove the dependency array.  react-hooks/exhaustive-deps
200:6  Warning: React Hook useMemo has a missing dependency: 'resolveSimple'. Either include it or remove the dependency array.  react-hooks/exhaustive-deps
226:6  Warning: React Hook useMemo has a missing dependency: 'resolveSimple'. Either include it or remove the dependency array.  react-hooks/exhaustive-deps
247:6  Warning: React Hook useMemo has missing dependencies: 'resolveSimple' and 'resolveText'. Either include them or remove the dependency array.  react-hooks/exhaustive-deps
264:6  Warning: React Hook useMemo has missing dependencies: 'resolveSimple' and 'resolveText'. Either include them or remove the dependency array.  react-hooks/exhaustive-deps

info  - Need to disable some ESLint rules? Learn more here: https://nextjs.org/docs/app/api-reference/config/eslint#disabling-rules
   Collecting page data ...
   Generating static pages (0/29) ...
   Generating static pages (7/29) 
   Generating static pages (14/29) 
   Generating static pages (21/29) 
 Γ£ô Generating static pages (29/29)
   Finalizing page optimization ...
   Collecting build traces ...

Route (app)                                 Size  First Load JS
Γöî Γùï /                                    3.29 kB         214 kB
Γö£ Γùï /_not-found                            998 B         104 kB
Γö£ Γùï /about                                3.9 kB         208 kB
Γö£ Γùï /academics                              5 kB         205 kB
Γö£ Γùï /admin                                4.4 kB         169 kB
Γö£ Γùï /admin/career-applications           4.76 kB         167 kB
Γö£ Γùï /admin/content/academics             5.08 kB         167 kB
Γö£ Γùï /admin/content/careers               5.44 kB         167 kB
Γö£ Γùï /admin/content/global                6.12 kB         189 kB
Γö£ Γùï /admin/content/homepage              6.79 kB         169 kB
Γö£ Γùï /admin/content/media                 3.73 kB         165 kB
Γö£ Γùï /admin/content/news-alerts           4.07 kB         166 kB
Γö£ Γùï /admin/content/staff                  4.3 kB         166 kB
Γö£ Γùï /admin/login                         3.89 kB         166 kB
Γö£ Γùï /admin/news                          7.05 kB         169 kB
Γö£ Γùï /admin/publish                        3.9 kB         166 kB
Γö£ Γùï /admission                           1.03 kB         141 kB
Γö£ Γùï /admissions                            178 B         140 kB
Γö£ Γùï /calendar                            6.16 kB         205 kB
Γö£ Γùï /careers                             7.04 kB         211 kB
Γö£ Γùï /contact                             2.84 kB         202 kB
Γö£ Γùï /gallery                               630 B         209 kB
Γö£ Γùï /news                                3.81 kB         211 kB
Γö£ ╞Æ /news/[slug]                         6.33 kB         189 kB
Γö£ Γùï /notices                             2.29 kB         117 kB
Γö£ Γùï /results                             5.66 kB         120 kB
Γöö Γùï /staff                               2.43 kB         207 kB
+ First Load JS shared by all             103 kB
  Γö£ chunks/1255-769661468ce59a91.js      46.2 kB
  Γö£ chunks/4bd1b696-f785427dddbba9fb.js  54.2 kB
  Γöö other shared chunks (total)          2.05 kB


╞Æ Middleware                             34.1 kB

Γùï  (Static)   prerendered as static content
╞Æ  (Dynamic)  server-rendered on demand

